2026-09-03 16:42:57 [INFO] netease163: test
2026-09-03 16:46:17 [INFO] netease163.LyricSpider: ✅ LyricSpider 抓取成功
2026-09-03 16:46:17 [ERROR] netease163.SearchSpider: ❌ SearchSpider 抓取失败: GetSearchResult() got an unexpected keyword argument 'type'
Traceback (most recent call last):
  File "/root/netease163/netease163/spiders/base.py", line 31, in safe_fetch
    result = self.fetch(*args, **kwargs)
             ^^^^^^^^^^^^^^^^^^^^^^^^^^^
  File "/root/netease163/netease163/spiders/search.py", line 32, in fetch
    result = cloudsearch.GetSearchResult(keyword, type=self.TYPE_MAP[search_type], limit=limit)
             ^^^^^^^^^^^^^^^^^^^^^^^^^^^^^^^^^^^^^^^^^^^^^^^^^^^^^^^^^^^^^^^^^^^^^^^^^^^^^^^^^^
  File "/root/.netease163-venv/lib/python3.12/site-packages/pyncm/apis/__init__.py", line 70, in wrapper
    ret = apiFunc(*a, **k)
          ^^^^^^^^^^^^^^^^
TypeError: GetSearchResult() got an unexpected keyword argument 'type'
2026-09-03 16:46:35 [INFO] netease163.SearchSpider: ✅ SearchSpider 抓取成功
2026-09-03 16:46:35 [INFO] netease163.SongSpider: ✅ SongSpider 抓取成功
2026-09-03 16:46:36 [INFO] netease163.CommentSpider: ✅ CommentSpider 抓取成功
2026-09-03 16:46:39 [ERROR] netease163.PlaylistSpider: ❌ PlaylistSpider 抓取失败: 'NoneType' object has no attribute 'get'
Traceback (most recent call last):
  File "/root/netease163/netease163/spiders/base.py", line 31, in safe_fetch
    result = self.fetch(*args, **kwargs)
             ^^^^^^^^^^^^^^^^^^^^^^^^^^^
  File "/root/netease163/netease163/spiders/playlist.py", line 46, in fetch
    "creator": p.get("creator", {}).get("nickname", ""),
               ^^^^^^^^^^^^^^^^^^^^^^^^
AttributeError: 'NoneType' object has no attribute 'get'
2026-09-03 16:46:39 [ERROR] netease163.ArtistSpider: ❌ ArtistSpider 抓取失败: 歌手 8103 不存在
Traceback (most recent call last):
  File "/root/netease163/netease163/spiders/base.py", line 31, in safe_fetch
    result = self.fetch(*args, **kwargs)
             ^^^^^^^^^^^^^^^^^^^^^^^^^^^
  File "/root/netease163/netease163/spiders/artist.py", line 22, in fetch
    raise ValueError(f"歌手 {artist_id} 不存在")
ValueError: 歌手 8103 不存在
2026-09-03 16:46:40 [INFO] netease163.AlbumSpider: ✅ AlbumSpider 抓取成功
2026-09-03 16:46:41 [INFO] netease163.ToplistSpider: ✅ ToplistSpider 抓取成功
2026-09-03 16:47:00 [INFO] netease163.PlaylistSpider: ✅ PlaylistSpider 抓取成功
2026-09-03 16:47:00 [ERROR] netease163.ArtistSpider: ❌ ArtistSpider 抓取失败: 歌手 28561 不存在
Traceback (most recent call last):
  File "/root/netease163/netease163/spiders/base.py", line 31, in safe_fetch
    result = self.fetch(*args, **kwargs)
             ^^^^^^^^^^^^^^^^^^^^^^^^^^^
  File "/root/netease163/netease163/spiders/artist.py", line 22, in fetch
    raise ValueError(f"歌手 {artist_id} 不存在")
ValueError: 歌手 28561 不存在
2026-09-03 16:47:21 [INFO] netease163.api: 🚀 启动 FastAPI 服务 0.0.0.0:9700
2026-09-03 16:47:25 [INFO] netease163.LyricSpider: ✅ LyricSpider 抓取成功
2026-09-03 16:47:25 [INFO] netease163.SearchSpider: ✅ SearchSpider 抓取成功
2026-09-03 16:47:36 [INFO] netease163.LyricSpider: ✅ LyricSpider 抓取成功
2026-09-03 16:47:36 [INFO] netease163.SongSpider: ✅ SongSpider 抓取成功
2026-09-03 16:47:36 [INFO] netease163.CommentSpider: ✅ CommentSpider 抓取成功
2026-09-03 16:47:36 [INFO] netease163.ToplistSpider: ✅ ToplistSpider 抓取成功
2026-09-03 16:48:25 [INFO] netease163.api: 🚀 启动 FastAPI 服务 0.0.0.0:9700
2026-09-03 16:48:29 [INFO] netease163.ToplistSpider: ✅ ToplistSpider 抓取成功
2026-09-03 16:48:44 [INFO] netease163.LyricSpider: ✅ LyricSpider 抓取成功
2026-09-03 16:48:44 [INFO] netease163.SongSpider: ✅ SongSpider 抓取成功
2026-09-03 16:48:45 [INFO] netease163.CommentSpider: ✅ CommentSpider 抓取成功
2026-09-03 16:48:45 [INFO] netease163.SearchSpider: ✅ SearchSpider 抓取成功
2026-09-03 16:48:45 [INFO] netease163.PlaylistSpider: ✅ PlaylistSpider 抓取成功
2026-09-03 16:48:46 [ERROR] netease163.ArtistSpider: ❌ ArtistSpider 抓取失败: 歌手 28561 不存在
Traceback (most recent call last):
  File "/root/netease163/netease163/spiders/base.py", line 31, in safe_fetch
    result = self.fetch(*args, **kwargs)
             ^^^^^^^^^^^^^^^^^^^^^^^^^^^
  File "/root/netease163/netease163/spiders/artist.py", line 22, in fetch
    raise ValueError(f"歌手 {artist_id} 不存在")
ValueError: 歌手 28561 不存在
2026-09-03 16:48:46 [INFO] netease163.AlbumSpider: ✅ AlbumSpider 抓取成功
2026-09-03 16:48:46 [INFO] netease163.RadioSpider: ✅ RadioSpider 抓取成功
2026-09-03 16:48:46 [INFO] netease163.ToplistSpider: ✅ ToplistSpider 抓取成功
2026-09-03 16:49:15 [INFO] netease163.LyricSpider: ✅ LyricSpider 抓取成功
2026-09-03 16:49:15 [INFO] netease163.LyricSpider: ✅ LyricSpider 抓取成功
2026-09-03 16:49:54 [INFO] netease163.api: 🚀 启动 FastAPI 服务 127.0.0.1:9700
2026-09-03 16:49:57 [INFO] netease163.LyricSpider: ✅ LyricSpider 抓取成功
2026-09-03 16:50:02 [INFO] netease163.ToplistSpider: ✅ ToplistSpider 抓取成功
2026-09-03 16:50:05 [INFO] netease163.SearchSpider: ✅ SearchSpider 抓取成功
2026-09-03 16:54:40 [INFO] netease163.api: 🚀 启动 FastAPI 服务 127.0.0.1:9700
2026-09-03 16:54:57 [INFO] netease163.api: 🚀 启动 FastAPI 服务 127.0.0.1:9700
2026-09-03 16:55:49 [INFO] netease163.LyricSpider: ✅ LyricSpider 抓取成功
2026-09-03 16:56:03 [INFO] netease163.LyricSpider: ✅ LyricSpider 抓取成功
2026-09-03 16:56:03 [INFO] netease163.LyricSpider: ✅ LyricSpider 抓取成功
2026-09-03 16:56:03 [INFO] netease163.SearchSpider: ✅ SearchSpider 抓取成功
2026-09-03 16:56:04 [INFO] netease163.ToplistSpider: ✅ ToplistSpider 抓取成功
2026-09-03 16:56:09 [INFO] netease163.LyricSpider: ✅ LyricSpider 抓取成功
2026-09-03 16:56:09 [INFO] netease163.LyricSpider: ✅ LyricSpider 抓取成功
2026-09-03 16:56:14 [INFO] netease163.LyricSpider: ✅ LyricSpider 抓取成功
2026-09-03 16:56:14 [ERROR] netease163.login: ❌ 手机登录异常: {'msg': '账号或密码错误', 'code': 502, 'message': '账号或密码错误'}
2026-09-03 16:56:14 [INFO] netease163.login: ✅ 已登出
2026-09-03 16:56:14 [INFO] netease163.LyricSpider: ✅ LyricSpider 抓取成功
